// Vitest Snapshot v1, https://vitest.dev/guide/snapshot.html

exports[`Snapshot Landing Page 1`] = `
{
  "asFragment": [Function],
  "baseElement": <body>
    <div>
      <main
        class="wrapper-center"
      >
        <div
          class="button-card-grid"
        >
          <a
            aria-label="Link to the page about bikes"
            class="button-card"
            href="/bikeStations"
          >
            <svg
              aria-hidden="true"
              class="svg-inline--fa fa-bicycle icon"
              data-icon="bicycle"
              data-prefix="fas"
              focusable="false"
              role="img"
              viewBox="0 0 640 512"
              xmlns="http://www.w3.org/2000/svg"
            >
              <path
                d="M312 32c-13.3 0-24 10.7-24 24s10.7 24 24 24l25.7 0 34.6 64-149.4 0-27.4-38C191 99.7 183.7 96 176 96l-56 0c-13.3 0-24 10.7-24 24s10.7 24 24 24l43.7 0 22.1 30.7-26.6 53.1c-10-2.5-20.5-3.8-31.2-3.8C57.3 224 0 281.3 0 352s57.3 128 128 128c65.3 0 119.1-48.9 127-112l49 0c8.5 0 16.3-4.5 20.7-11.8l84.8-143.5 21.7 40.1C402.4 276.3 384 312 384 352c0 70.7 57.3 128 128 128s128-57.3 128-128s-57.3-128-128-128c-13.5 0-26.5 2.1-38.7 6L375.4 48.8C369.8 38.4 359 32 347.2 32L312 32zM458.6 303.7l32.3 59.7c6.3 11.7 20.9 16 32.5 9.7s16-20.9 9.7-32.5l-32.3-59.7c3.6-.6 7.4-.9 11.2-.9c39.8 0 72 32.2 72 72s-32.2 72-72 72s-72-32.2-72-72c0-18.6 7-35.5 18.6-48.3zM133.2 368l65 0c-7.3 32.1-36 56-70.2 56c-39.8 0-72-32.2-72-72s32.2-72 72-72c1.7 0 3.4 .1 5.1 .2l-24.2 48.5c-9 18.1 4.1 39.4 24.3 39.4zm33.7-48l50.7-101.3 72.9 101.2-.1 .1-123.5 0zm90.6-128l108.5 0L317 274.8 257.4 192z"
                fill="currentColor"
              />
            </svg>
          </a>
          <a
            aria-label="Link to the page about parking"
            class="button-card"
            href="/parking"
          >
            <svg
              aria-hidden="true"
              class="svg-inline--fa fa-square-parking icon"
              data-icon="square-parking"
              data-prefix="fas"
              focusable="false"
              role="img"
              viewBox="0 0 448 512"
              xmlns="http://www.w3.org/2000/svg"
            >
              <path
                d="M64 32C28.7 32 0 60.7 0 96L0 416c0 35.3 28.7 64 64 64l320 0c35.3 0 64-28.7 64-64l0-320c0-35.3-28.7-64-64-64L64 32zM192 256l48 0c17.7 0 32-14.3 32-32s-14.3-32-32-32l-48 0 0 64zm48 64l-48 0 0 32c0 17.7-14.3 32-32 32s-32-14.3-32-32l0-64 0-120c0-22.1 17.9-40 40-40l72 0c53 0 96 43 96 96s-43 96-96 96z"
                fill="currentColor"
              />
            </svg>
          </a>
        </div>
      </main>
    </div>
  </body>,
  "container": <div>
    <main
      class="wrapper-center"
    >
      <div
        class="button-card-grid"
      >
        <a
          aria-label="Link to the page about bikes"
          class="button-card"
          href="/bikeStations"
        >
          <svg
            aria-hidden="true"
            class="svg-inline--fa fa-bicycle icon"
            data-icon="bicycle"
            data-prefix="fas"
            focusable="false"
            role="img"
            viewBox="0 0 640 512"
            xmlns="http://www.w3.org/2000/svg"
          >
            <path
              d="M312 32c-13.3 0-24 10.7-24 24s10.7 24 24 24l25.7 0 34.6 64-149.4 0-27.4-38C191 99.7 183.7 96 176 96l-56 0c-13.3 0-24 10.7-24 24s10.7 24 24 24l43.7 0 22.1 30.7-26.6 53.1c-10-2.5-20.5-3.8-31.2-3.8C57.3 224 0 281.3 0 352s57.3 128 128 128c65.3 0 119.1-48.9 127-112l49 0c8.5 0 16.3-4.5 20.7-11.8l84.8-143.5 21.7 40.1C402.4 276.3 384 312 384 352c0 70.7 57.3 128 128 128s128-57.3 128-128s-57.3-128-128-128c-13.5 0-26.5 2.1-38.7 6L375.4 48.8C369.8 38.4 359 32 347.2 32L312 32zM458.6 303.7l32.3 59.7c6.3 11.7 20.9 16 32.5 9.7s16-20.9 9.7-32.5l-32.3-59.7c3.6-.6 7.4-.9 11.2-.9c39.8 0 72 32.2 72 72s-32.2 72-72 72s-72-32.2-72-72c0-18.6 7-35.5 18.6-48.3zM133.2 368l65 0c-7.3 32.1-36 56-70.2 56c-39.8 0-72-32.2-72-72s32.2-72 72-72c1.7 0 3.4 .1 5.1 .2l-24.2 48.5c-9 18.1 4.1 39.4 24.3 39.4zm33.7-48l50.7-101.3 72.9 101.2-.1 .1-123.5 0zm90.6-128l108.5 0L317 274.8 257.4 192z"
              fill="currentColor"
            />
          </svg>
        </a>
        <a
          aria-label="Link to the page about parking"
          class="button-card"
          href="/parking"
        >
          <svg
            aria-hidden="true"
            class="svg-inline--fa fa-square-parking icon"
            data-icon="square-parking"
            data-prefix="fas"
            focusable="false"
            role="img"
            viewBox="0 0 448 512"
            xmlns="http://www.w3.org/2000/svg"
          >
            <path
              d="M64 32C28.7 32 0 60.7 0 96L0 416c0 35.3 28.7 64 64 64l320 0c35.3 0 64-28.7 64-64l0-320c0-35.3-28.7-64-64-64L64 32zM192 256l48 0c17.7 0 32-14.3 32-32s-14.3-32-32-32l-48 0 0 64zm48 64l-48 0 0 32c0 17.7-14.3 32-32 32s-32-14.3-32-32l0-64 0-120c0-22.1 17.9-40 40-40l72 0c53 0 96 43 96 96s-43 96-96 96z"
              fill="currentColor"
            />
          </svg>
        </a>
      </div>
    </main>
  </div>,
  "debug": [Function],
  "findAllByAltText": [Function],
  "findAllByDisplayValue": [Function],
  "findAllByLabelText": [Function],
  "findAllByPlaceholderText": [Function],
  "findAllByRole": [Function],
  "findAllByTestId": [Function],
  "findAllByText": [Function],
  "findAllByTitle": [Function],
  "findByAltText": [Function],
  "findByDisplayValue": [Function],
  "findByLabelText": [Function],
  "findByPlaceholderText": [Function],
  "findByRole": [Function],
  "findByTestId": [Function],
  "findByText": [Function],
  "findByTitle": [Function],
  "getAllByAltText": [Function],
  "getAllByDisplayValue": [Function],
  "getAllByLabelText": [Function],
  "getAllByPlaceholderText": [Function],
  "getAllByRole": [Function],
  "getAllByTestId": [Function],
  "getAllByText": [Function],
  "getAllByTitle": [Function],
  "getByAltText": [Function],
  "getByDisplayValue": [Function],
  "getByLabelText": [Function],
  "getByPlaceholderText": [Function],
  "getByRole": [Function],
  "getByTestId": [Function],
  "getByText": [Function],
  "getByTitle": [Function],
  "queryAllByAltText": [Function],
  "queryAllByDisplayValue": [Function],
  "queryAllByLabelText": [Function],
  "queryAllByPlaceholderText": [Function],
  "queryAllByRole": [Function],
  "queryAllByTestId": [Function],
  "queryAllByText": [Function],
  "queryAllByTitle": [Function],
  "queryByAltText": [Function],
  "queryByDisplayValue": [Function],
  "queryByLabelText": [Function],
  "queryByPlaceholderText": [Function],
  "queryByRole": [Function],
  "queryByTestId": [Function],
  "queryByText": [Function],
  "queryByTitle": [Function],
  "rerender": [Function],
  "unmount": [Function],
}
`;
